This is pdfTeX, Version 3.141592653-2.6-1.40.28 (MiKTeX 25.12 Portable) (preloaded format=pdflatex 2026.9.21)  21 SEP 2026 12:39
entering extended mode
 restricted \write18 enabled.
 file:line:error style messages enabled.
 %&-line parsing enabled.
**c:/Users/mabennett/pre-calc-40s/trig/trig1.tex
(c:/Users/mabennett/pre-calc-40s/trig/trig1.tex
LaTeX2e <2025-11-01>
L3 programming layer <2025-12-24>
(C:\Users\mabennett\scoop\apps\miktex\current\texmfs\install\tex/latex/base\article.cls
Document Class: article 2025/01/22 v1.4n Standard LaTeX document class
(C:\Users\mabennett\scoop\apps\miktex\current\texmfs\install\tex/latex/base\fleqn.clo
File: fleqn.clo 2016/12/29 v1.2b Standard LaTeX option (flush left equations)
\mathindent=\skip49
Applying: [2015/01/01] Make \[ robust on input line 50.
LaTeX Info: Redefining \[ on input line 51.
Already applied: [0000/00/00] Make \[ robust on input line 62.
Applying: [2015/01/01] Make \] robust on input line 74.
LaTeX Info: Redefining \] on input line 75.
Already applied: [0000/00/00] Make \] robust on input line 83.
) (C:\Users\mabennett\scoop\apps\miktex\current\texmfs\install\tex/latex/base\size12.clo
File: size12.clo 2025/01/22 v1.4n Standard LaTeX file (size option)
)
\c@part=\count275
\c@section=\count276
\c@subsection=\count277
\c@subsubsection=\count278
\c@paragraph=\count279
\c@subparagraph=\count280
\c@figure=\count281
\c@table=\count282
\abovecaptionskip=\skip50
\belowcaptionskip=\skip51
\bibindent=\dimen148
) (../style/pre-calc.sty (C:\Users\mabennett\scoop\apps\miktex\current\texmfs\install\tex/latex/subfiles\subfiles.sty
Package: subfiles 2020/11/14 v2.2 Multi-file projects (package)
 (C:\Users\mabennett\scoop\apps\miktex\current\texmfs\install\tex/latex/import\import.sty
Package: import 2020/04/01  v 6.2
)) (C:\Users\mabennett\scoop\apps\miktex\current\texmfs\install\tex/latex/geometry\geometry.sty
Package: geometry 2026/03/07 v6.0 Page Geometry
 (C:\Users\mabennett\scoop\apps\miktex\current\texmfs\install\tex/latex/graphics\keyval.sty
Package: keyval 2022/05/29 v1.15 key=value parser (DPC)
\KV@toks@=\toks17
) (C:\Users\mabennett\scoop\apps\miktex\current\texmfs\install\tex/generic/iftex\ifvtex.sty
Package: ifvtex 2019/10/25 v1.7 ifvtex legacy package. Use iftex instead.
 (C:\Users\mabennett\scoop\apps\miktex\current\texmfs\install\tex/generic/iftex\iftex.sty
Package: iftex 2024/12/12 v1.0g TeX engine tests
))
\Gm@cnth=\count283
\Gm@cntv=\count284
\c@Gm@tempcnt=\count285
\Gm@bindingoffset=\dimen149
\Gm@wd@mp=\dimen150
\Gm@odd@mp=\dimen151
\Gm@even@mp=\dimen152
\Gm@layoutwidth=\dimen153
\Gm@layoutheight=\dimen154
\Gm@layouthoffset=\dimen155
\Gm@layoutvoffset=\dimen156
\Gm@dimlist=\toks18
 (C:\Users\mabennett\scoop\apps\miktex\current\texmfs\install\tex/latex/geometry\geometry.cfg)) (C:\Users\mabennett\scoop\apps\miktex\current\texmfs\install\tex/latex/adjustbox\adjustbox.sty
Package: adjustbox 2025/02/26 v1.3c Adjusting TeX boxes (trim, clip, ...)
 (C:\Users\mabennett\scoop\apps\miktex\current\texmfs\install\tex/latex/xkeyval\xkeyval.sty
Package: xkeyval 2022/06/16 v2.9 package option processing (HA)
 (C:\Users\mabennett\scoop\apps\miktex\current\texmfs\install\tex/generic/xkeyval\xkeyval.tex (C:\Users\mabennett\scoop\apps\miktex\current\texmfs\install\tex/generic/xkeyval\xkvutils.tex
\XKV@toks=\toks19
\XKV@tempa@toks=\toks20
)
\XKV@depth=\count286
File: xkeyval.tex 2014/12/03 v2.7a key=value parser (HA)
)) (C:\Users\mabennett\scoop\apps\miktex\current\texmfs\install\tex/latex/adjustbox\adjcalc.sty
Package: adjcalc 2012/05/16 v1.1 Provides advanced setlength with multiple back-ends (calc, etex, pgfmath)
) (C:\Users\mabennett\scoop\apps\miktex\current\texmfs\install\tex/latex/adjustbox\trimclip.sty
Package: trimclip 2025/02/21 v1.2a Trim and clip general TeX material
 (C:\Users\mabennett\scoop\apps\miktex\current\texmfs\install\tex/latex/graphics\graphicx.sty
Package: graphicx 2024/12/31 v1.2e Enhanced LaTeX Graphics (DPC,SPQR)
 (C:\Users\mabennett\scoop\apps\miktex\current\texmfs\install\tex/latex/graphics\graphics.sty
Package: graphics 2024/08/06 v1.4g Standard LaTeX Graphics (DPC,SPQR)
 (C:\Users\mabennett\scoop\apps\miktex\current\texmfs\install\tex/latex/graphics\trig.sty
Package: trig 2023/12/02 v1.11 sin cos tan (DPC)
) (C:\Users\mabennett\scoop\apps\miktex\current\texmfs\install\tex/latex/graphics-cfg\graphics.cfg
File: graphics.cfg 2016/06/04 v1.11 sample graphics configuration
)
Package graphics Info: Driver file: pdftex.def on input line 106.
 (C:\Users\mabennett\scoop\apps\miktex\current\texmfs\install\tex/latex/graphics-def\pdftex.def
File: pdftex.def 2025/09/29 v1.2d Graphics/color driver for pdftex
))
\Gin@req@height=\dimen157
\Gin@req@width=\dimen158
) (C:\Users\mabennett\scoop\apps\miktex\current\texmfs\install\tex/latex/collectbox\collectbox.sty
Package: collectbox 2022/10/17 v0.4c Collect macro arguments as boxes
\collectedbox=\box53
)
\tc@llx=\dimen159
\tc@lly=\dimen160
\tc@urx=\dimen161
\tc@ury=\dimen162
Package trimclip Info: Using driver 'tc-pdftex.def'.
 (C:\Users\mabennett\scoop\apps\miktex\current\texmfs\install\tex/latex/adjustbox\tc-pdftex.def
File: tc-pdftex.def 2025/02/26 v2.3 Clipping driver for pdftex
))
\adjbox@Width=\dimen163
\adjbox@Height=\dimen164
\adjbox@Depth=\dimen165
\adjbox@Totalheight=\dimen166
\adjbox@pwidth=\dimen167
\adjbox@pheight=\dimen168
\adjbox@pdepth=\dimen169
\adjbox@ptotalheight=\dimen170
 (C:\Users\mabennett\scoop\apps\miktex\current\texmfs\install\tex/latex/ifoddpage\ifoddpage.sty
Package: ifoddpage 2022/10/18 v1.2 Conditionals for odd/even page detection
\c@checkoddpage=\count287
) (C:\Users\mabennett\scoop\apps\miktex\current\texmfs\install\tex/latex/varwidth\varwidth.sty
Package: varwidth 2009/03/30 ver 0.92;  Variable-width minipages
\@vwid@box=\box54
\sift@deathcycles=\count288
\@vwid@loff=\dimen171
\@vwid@roff=\dimen172
)
==> First Aid for varwidth.sty applied!
) (C:\Users\mabennett\scoop\apps\miktex\current\texmfs\install\tex/latex/esdiff\esdiff.sty
Package: esdiff 
) (C:\Users\mabennett\scoop\apps\miktex\current\texmfs\install\tex/latex/amsmath\amsmath.sty
Package: amsmath 2025/07/09 v2.17z AMS math features
\@mathmargin=\skip52

For additional information on amsmath, use the `?' option.
(C:\Users\mabennett\scoop\apps\miktex\current\texmfs\install\tex/latex/amsmath\amstext.sty
Package: amstext 2024/11/17 v2.01 AMS text
 (C:\Users\mabennett\scoop\apps\miktex\current\texmfs\install\tex/latex/amsmath\amsgen.sty
File: amsgen.sty 1999/11/30 v2.0 generic functions
\@emptytoks=\toks21
\ex@=\dimen173
)) (C:\Users\mabennett\scoop\apps\miktex\current\texmfs\install\tex/latex/amsmath\amsbsy.sty
Package: amsbsy 1999/11/29 v1.2d Bold Symbols
\pmbraise@=\dimen174
) (C:\Users\mabennett\scoop\apps\miktex\current\texmfs\install\tex/latex/amsmath\amsopn.sty
Package: amsopn 2022/04/08 v2.04 operator names
)
\inf@bad=\count289
LaTeX Info: Redefining \frac on input line 233.
\uproot@=\count290
\leftroot@=\count291
LaTeX Info: Redefining \overline on input line 398.
LaTeX Info: Redefining \colon on input line 409.
\classnum@=\count292
\DOTSCASE@=\count293
LaTeX Info: Redefining \ldots on input line 495.
LaTeX Info: Redefining \dots on input line 498.
LaTeX Info: Redefining \cdots on input line 619.
\Mathstrutbox@=\box55
\strutbox@=\box56
LaTeX Info: Redefining \big on input line 721.
LaTeX Info: Redefining \Big on input line 722.
LaTeX Info: Redefining \bigg on input line 723.
LaTeX Info: Redefining \Bigg on input line 724.
\big@size=\dimen175
LaTeX Font Info:    Redeclaring font encoding OML on input line 742.
LaTeX Font Info:    Redeclaring font encoding OMS on input line 743.
\macc@depth=\count294
LaTeX Info: Redefining \bmod on input line 904.
LaTeX Info: Redefining \pmod on input line 909.
LaTeX Info: Redefining \smash on input line 939.
LaTeX Info: Redefining \relbar on input line 969.
LaTeX Info: Redefining \Relbar on input line 970.
\c@MaxMatrixCols=\count295
\dotsspace@=\muskip17
\c@parentequation=\count296
\dspbrk@lvl=\count297
\tag@help=\toks22
\row@=\count298
\column@=\count299
\maxfields@=\count300
\andhelp@=\toks23
\eqnshift@=\dimen176
\alignsep@=\dimen177
\tagshift@=\dimen178
\tagwidth@=\dimen179
\totwidth@=\dimen180
\lineht@=\dimen181
\@envbody=\toks24
\multlinegap=\skip53
\multlinetaggap=\skip54
\mathdisplay@stack=\toks25
LaTeX Info: Redefining \[ on input line 2950.
LaTeX Info: Redefining \] on input line 2951.
) (C:\Users\mabennett\scoop\apps\miktex\current\texmfs\install\tex/latex/amsfonts\amssymb.sty
Package: amssymb 2013/01/14 v3.01 AMS font symbols
 (C:\Users\mabennett\scoop\apps\miktex\current\texmfs\install\tex/latex/amsfonts\amsfonts.sty
Package: amsfonts 2013/01/14 v3.01 Basic AMSFonts support
\symAMSa=\mathgroup4
\symAMSb=\mathgroup5
LaTeX Font Info:    Redeclaring math symbol \hbar on input line 98.
LaTeX Font Info:    Overwriting math alphabet `\mathfrak' in version `bold'
(Font)                  U/euf/m/n --> U/euf/b/n on input line 106.
)) (C:\Users\mabennett\scoop\apps\miktex\current\texmfs\install\tex/latex/amscls\amsthm.sty
Package: amsthm 2020/05/29 v2.20.6
\thm@style=\toks26
\thm@bodyfont=\toks27
\thm@headfont=\toks28
\thm@notefont=\toks29
\thm@headpunct=\toks30
\thm@preskip=\skip55
\thm@postskip=\skip56
\thm@headsep=\skip57
\dth@everypar=\toks31
) (C:\Users\mabennett\scoop\apps\miktex\current\texmfs\install\tex/latex/thmtools\thmtools.sty
Package: thmtools 2023/05/04 v0.76
\thmt@toks=\toks32
\c@thmt@dummyctr=\count301
 (C:\Users\mabennett\scoop\apps\miktex\current\texmfs\install\tex/latex/thmtools\thm-patch.sty
Package: thm-patch 2023/05/04 v0.76
 (C:\Users\mabennett\scoop\apps\miktex\current\texmfs\install\tex/latex/thmtools\parseargs.sty
Package: parseargs 2023/05/04 v0.76
\@parsespec=\toks33
)) (C:\Users\mabennett\scoop\apps\miktex\current\texmfs\install\tex/latex/thmtools\thm-kv.sty
Package: thm-kv 2023/05/04 v0.76
Package thm-kv Info: Theorem names will be uppercased on input line 42.
 (C:\Users\mabennett\scoop\apps\miktex\current\texmfs\install\tex/latex/kvsetkeys\kvsetkeys.sty
Package: kvsetkeys 2022-10-05 v1.19 Key value parser (HO)
)
Package thm-kv Info: kvsetkeys patch (v1.16 or later) on input line 158.
) (C:\Users\mabennett\scoop\apps\miktex\current\texmfs\install\tex/latex/thmtools\thm-autoref.sty
Package: thm-autoref 2023/05/04 v0.76
 (C:\Users\mabennett\scoop\apps\miktex\current\texmfs\install\tex/latex/thmtools\aliasctr.sty
Package: aliasctr 2023/05/04 v0.76
)) (C:\Users\mabennett\scoop\apps\miktex\current\texmfs\install\tex/latex/thmtools\thm-listof.sty
Package: thm-listof 2023/05/04 v0.76
) (C:\Users\mabennett\scoop\apps\miktex\current\texmfs\install\tex/latex/thmtools\thm-restate.sty
Package: thm-restate 2023/05/04 v0.76
) (C:\Users\mabennett\scoop\apps\miktex\current\texmfs\install\tex/latex/thmtools\thm-amsthm.sty
Package: thm-amsthm 2023/05/04 v0.76
\thmt@style@headstyle=\toks34
)) (C:\Users\mabennett\scoop\apps\miktex\current\texmfs\install\tex/latex/tools\multicol.sty
Package: multicol 2025/10/21 v2.0b multicolumn formatting (FMi)
\c@tracingmulticols=\count302
\mult@box=\box57
\multicol@leftmargin=\dimen182
\c@unbalance=\count303
\c@collectmore=\count304
\doublecol@number=\count305
\multicoltolerance=\count306
\multicolpretolerance=\count307
\full@width=\dimen183
\page@free=\dimen184
\premulticols=\dimen185
\postmulticols=\dimen186
\multicolsep=\skip58
\multicolbaselineskip=\skip59
\partial@page=\box58
\last@line=\box59
\mc@boxedresult=\box60
\maxbalancingoverflow=\dimen187
\mult@rightbox=\box61
\mult@grightbox=\box62
\mult@firstbox=\box63
\mult@gfirstbox=\box64
\@tempa=\box65
\@tempa=\box66
\@tempa=\box67
\@tempa=\box68
\@tempa=\box69
\@tempa=\box70
\@tempa=\box71
\@tempa=\box72
\@tempa=\box73
\@tempa=\box74
\@tempa=\box75
\@tempa=\box76
\@tempa=\box77
\@tempa=\box78
\@tempa=\box79
\@tempa=\box80
\@tempa=\box81
\@tempa=\box82
\@tempa=\box83
\@tempa=\box84
\@tempa=\box85
\@tempa=\box86
\@tempa=\box87
\@tempa=\box88
\@tempa=\box89
\@tempa=\box90
\@tempa=\box91
\@tempa=\box92
\@tempa=\box93
\@tempa=\box94
\@tempa=\box95
\@tempa=\box96
\@tempa=\box97
\@tempa=\box98
\@tempa=\box99
\@tempa=\box100
\c@minrows=\count308
\c@columnbadness=\count309
\c@finalcolumnbadness=\count310
\last@try=\dimen188
\multicolovershoot=\dimen189
\multicolundershoot=\dimen190
\mult@nat@firstbox=\box101
\colbreak@box=\box102
\mc@col@check@num=\count311
\g__mc_curr_col_int=\count312
) (C:\Users\mabennett\scoop\apps\miktex\current\texmfs\install\tex/latex/paralist\paralist.sty
Package: paralist 2017/01/22 v2.7 Extended list environments
\pltopsep=\skip60
\plpartopsep=\skip61
\plitemsep=\skip62
\plparsep=\skip63
\pl@lab=\toks35
) (C:\Users\mabennett\scoop\apps\miktex\current\texmfs\install\tex/latex/tabto-ltx\tabto.sty
Package: tabto 2018/12/28  v 1.4  Another tabbing mechanism
\CurrentLineWidth=\dimen191
\TabPrevPos=\dimen192
) (C:\Users\mabennett\scoop\apps\miktex\current\texmfs\install\tex/latex/parskip\parskip.sty
Package: parskip 2021-03-14 v2.0h non-zero parskip adjustments
 (C:\Users\mabennett\scoop\apps\miktex\current\texmfs\install\tex/latex/kvoptions\kvoptions.sty
Package: kvoptions 2022-06-15 v3.15 Key value format for package options (HO)
 (C:\Users\mabennett\scoop\apps\miktex\current\texmfs\install\tex/generic/ltxcmds\ltxcmds.sty
Package: ltxcmds 2023-12-04 v1.26 LaTeX kernel commands for general use (HO)
)) (C:\Users\mabennett\scoop\apps\miktex\current\texmfs\install\tex/latex/etoolbox\etoolbox.sty
Package: etoolbox 2025/10/02 v2.5m e-TeX tools for LaTeX (JAW)
\etb@tempcnta=\count313
)) (C:\Users\mabennett\scoop\apps\miktex\current\texmfs\install\tex/latex/tasks\tasks.sty (C:\Users\mabennett\scoop\apps\miktex\current\texmfs\install\tex/latex/l3kernel\expl3.sty
Package: expl3 2025-12-24 L3 programming layer (loader) 
 (C:\Users\mabennett\scoop\apps\miktex\current\texmfs\install\tex/latex/l3backend\l3backend-pdftex.def
File: l3backend-pdftex.def 2025-10-09 L3 backend support: PDF output (pdfTeX)
\l__color_backend_stack_int=\count314
)) (C:\Users\mabennett\scoop\apps\miktex\current\texmfs\install\tex/latex/l3packages/xparse\xparse.sty
Package: xparse 2025-10-09 L3 Experimental document command parser
) (C:\Users\mabennett\scoop\apps\miktex\current\texmfs\install\tex/latex/l3packages/xtemplate\xtemplate.sty
Package: xtemplate 2025-10-09 L3 Experimental prototype document functions
)
Package: tasks 2022/01/08 v1.4a lists with columns filled horizontally
\g__tasks_total_items_int=\count315
\l__tasks_columns_int=\count316
\g__tasks_rows_int=\count317
\g__tasks_current_col_num_int=\count318
\g__tasks_current_row_num_int=\count319
\l__tasks_item_columns_int=\count320
\g__tasks_env_int=\count321
\l__tasks_start_int=\count322
\l__tasks_item_indent_dim=\dimen193
\l__tasks_item_default_indent_dim=\dimen194
\l__tasks_item_width_dim=\dimen195
\l__tasks_label_width_dim=\dimen196
\l__tasks_label_default_width_dim=\dimen197
\l__tasks_label_offset_dim=\dimen198
\l__tasks_label_default_offset_dim=\dimen199
\l__tasks_column_sep_dim=\dimen256
\l__tasks_correction_dim=\dimen257
\l__tasks_full_width_dim=\dimen258
\l__tasks_after_item_skip=\skip64
\l__tasks_custom_after_item_skip=\skip65
\l__tasks_before_list_skip=\skip66
\l__tasks_after_list_skip=\skip67
\l__tasks_item_coffin=\box103
\l__tasks_label_coffin=\box104
\c@task=\count323
\l__tasks_tmpa_int=\count324
\l__tasks_tmpb_int=\count325
\l__tasks_tmpa_coffin=\box105
\l__tasks_tmpa_box=\box106

LaTeX template Info: Declaring template type 'tasks' taking 3 argument(s) on
(template)           line 450.

 (C:\Users\mabennett\scoop\apps\miktex\current\texmfs\install\tex/latex/tasks\tasks.cfg)) (C:\Users\mabennett\scoop\apps\miktex\current\texmfs\install\tex/latex/tools\enumerate.sty
Package: enumerate 2023/07/04 v3.00 enumerate extensions (DPC)
\@enLab=\toks36
) (C:\Users\mabennett\scoop\apps\miktex\current\texmfs\install\tex/latex/qrcode\qrcode.sty
Package: qrcode 2015/01/08 v1.51 QR code generation
 (C:\Users\mabennett\scoop\apps\miktex\current\texmfs\install\tex/latex/xcolor\xcolor.sty
Package: xcolor 2024/09/29 v3.02 LaTeX color extensions (UK)
 (C:\Users\mabennett\scoop\apps\miktex\current\texmfs\install\tex/latex/graphics-cfg\color.cfg
File: color.cfg 2016/01/02 v1.6 sample color configuration
)
Package xcolor Info: Driver file: pdftex.def on input line 274.
 (C:\Users\mabennett\scoop\apps\miktex\current\texmfs\install\tex/latex/graphics\mathcolor.ltx)
Package xcolor Info: Model `cmy' substituted by `cmy0' on input line 1349.
Package xcolor Info: Model `hsb' substituted by `rgb' on input line 1353.
Package xcolor Info: Model `RGB' extended on input line 1365.
Package xcolor Info: Model `HTML' substituted by `rgb' on input line 1367.
Package xcolor Info: Model `Hsb' substituted by `hsb' on input line 1368.
Package xcolor Info: Model `tHsb' substituted by `hsb' on input line 1369.
Package xcolor Info: Model `HSB' substituted by `hsb' on input line 1370.
Package xcolor Info: Model `Gray' substituted by `gray' on input line 1371.
Package xcolor Info: Model `wave' substituted by `hsb' on input line 1372.
)
\c@qr@i=\count326
\c@qr@j=\count327
\qr@a=\count328
\qr@b=\count329
\qr@c=\count330
\qr@for@depth=\count331
\qr@for@maxdepth=\count332
\qr@for@start=\count333
\qr@for@end=\count334
\qr@for@step=\count335
\qr@newforcount=\count336
\qr@newforcount=\count337
\qr@desiredheight=\skip68
\qr@modulesize=\skip69
\qr@minipagewidth=\skip70
\c@maski=\count338
\c@maskj=\count339
\c@totalones=\count340
\c@penaltyi=\count341
\c@penaltyii=\count342
\c@penaltyiii=\count343
\c@penaltyiv=\count344
\c@qr@hexchars=\count345
\qr@newforcount=\count346
\c@qr@divisionsremaining=\count347
) (C:\Users\mabennett\scoop\apps\miktex\current\texmfs\install\tex/latex/hyperref\hyperref.sty
Package: hyperref 2025-07-12 v7.01o Hypertext links for LaTeX
 (C:\Users\mabennett\scoop\apps\miktex\current\texmfs\install\tex/generic/kvdefinekeys\kvdefinekeys.sty
Package: kvdefinekeys 2019-12-19 v1.6 Define keys (HO)
) (C:\Users\mabennett\scoop\apps\miktex\current\texmfs\install\tex/generic/pdfescape\pdfescape.sty
Package: pdfescape 2019/12/09 v1.15 Implements pdfTeX's escape features (HO)
 (C:\Users\mabennett\scoop\apps\miktex\current\texmfs\install\tex/generic/pdftexcmds\pdftexcmds.sty
Package: pdftexcmds 2020-06-27 v0.33 Utility functions of pdfTeX for LuaTeX (HO)
 (C:\Users\mabennett\scoop\apps\miktex\current\texmfs\install\tex/generic/infwarerr\infwarerr.sty
Package: infwarerr 2019/12/03 v1.5 Providing info/warning/error messages (HO)
)
Package pdftexcmds Info: \pdf@primitive is available.
Package pdftexcmds Info: \pdf@ifprimitive is available.
Package pdftexcmds Info: \pdfdraftmode found.
)) (C:\Users\mabennett\scoop\apps\miktex\current\texmfs\install\tex/latex/hycolor\hycolor.sty
Package: hycolor 2020-01-27 v1.10 Color options for hyperref/bookmark (HO)
) (C:\Users\mabennett\scoop\apps\miktex\current\texmfs\install\tex/latex/hyperref\nameref.sty
Package: nameref 2025-06-21 v2.57 Cross-referencing by name of section
 (C:\Users\mabennett\scoop\apps\miktex\current\texmfs\install\tex/latex/refcount\refcount.sty
Package: refcount 2019/12/15 v3.6 Data extraction from label references (HO)
) (C:\Users\mabennett\scoop\apps\miktex\current\texmfs\install\tex/generic/gettitlestring\gettitlestring.sty
Package: gettitlestring 2019/12/15 v1.6 Cleanup title references (HO)
)
\c@section@level=\count348
) (C:\Users\mabennett\scoop\apps\miktex\current\texmfs\install\tex/generic/stringenc\stringenc.sty
Package: stringenc 2019/11/29 v1.12 Convert strings between diff. encodings (HO)
)
\@linkdim=\dimen259
\Hy@linkcounter=\count349
\Hy@pagecounter=\count350
 (C:\Users\mabennett\scoop\apps\miktex\current\texmfs\install\tex/latex/hyperref\pd1enc.def
File: pd1enc.def 2025-07-12 v7.01o Hyperref: PDFDocEncoding definition (HO)
Now handling font encoding PD1 ...
... no UTF-8 mapping file for font encoding PD1
) (C:\Users\mabennett\scoop\apps\miktex\current\texmfs\install\tex/generic/intcalc\intcalc.sty
Package: intcalc 2019/12/15 v1.3 Expandable calculations with integers (HO)
)
\Hy@SavedSpaceFactor=\count351
 (C:\Users\mabennett\scoop\apps\miktex\current\texmfs\install\tex/latex/hyperref\puenc.def
File: puenc.def 2025-07-12 v7.01o Hyperref: PDF Unicode definition (HO)
Now handling font encoding PU ...
... no UTF-8 mapping file for font encoding PU
)
Package hyperref Info: Hyper figures OFF on input line 4195.
Package hyperref Info: Link nesting OFF on input line 4200.
Package hyperref Info: Hyper index ON on input line 4203.
Package hyperref Info: Plain pages OFF on input line 4210.
Package hyperref Info: Backreferencing OFF on input line 4215.
Package hyperref Info: Implicit mode ON; LaTeX internals redefined.
Package hyperref Info: Bookmarks ON on input line 4462.
\c@Hy@tempcnt=\count352
 (C:\Users\mabennett\scoop\apps\miktex\current\texmfs\install\tex/latex/url\url.sty
\Urlmuskip=\muskip18
Package: url 2013/09/16  ver 3.4  Verb mode for urls, etc.
)
LaTeX Info: Redefining \url on input line 4801.
\XeTeXLinkMargin=\dimen260
 (C:\Users\mabennett\scoop\apps\miktex\current\texmfs\install\tex/generic/bitset\bitset.sty
Package: bitset 2019/12/09 v1.3 Handle bit-vector datatype (HO)
 (C:\Users\mabennett\scoop\apps\miktex\current\texmfs\install\tex/generic/bigintcalc\bigintcalc.sty
Package: bigintcalc 2019/12/15 v1.5 Expandable calculations on big integers (HO)
))
\Fld@menulength=\count353
\Field@Width=\dimen261
\Fld@charsize=\dimen262
Package hyperref Info: Hyper figures OFF on input line 6078.
Package hyperref Info: Link nesting OFF on input line 6083.
Package hyperref Info: Hyper index ON on input line 6086.
Package hyperref Info: backreferencing OFF on input line 6093.
Package hyperref Info: Link coloring OFF on input line 6098.
Package hyperref Info: Link coloring with OCG OFF on input line 6103.
Package hyperref Info: PDF/A mode OFF on input line 6108.
\Hy@abspage=\count354
\c@Item=\count355
\c@Hfootnote=\count356
)
Package hyperref Info: Driver (autodetected): hpdftex.
 (C:\Users\mabennett\scoop\apps\miktex\current\texmfs\install\tex/latex/hyperref\hpdftex.def
File: hpdftex.def 2025-07-12 v7.01o Hyperref driver for pdfTeX
\Fld@listcount=\count357
\c@bookmark@seq@number=\count358
 (C:\Users\mabennett\scoop\apps\miktex\current\texmfs\install\tex/latex/rerunfilecheck\rerunfilecheck.sty
Package: rerunfilecheck 2025-06-21 v1.11 Rerun checks for auxiliary files (HO)
 (C:\Users\mabennett\scoop\apps\miktex\current\texmfs\install\tex/generic/uniquecounter\uniquecounter.sty
Package: uniquecounter 2019/12/15 v1.4 Provide unlimited unique counter (HO)
)
Package uniquecounter Info: New unique counter `rerunfilecheck' on input line 284.
)
\Hy@SectionHShift=\skip71
) (C:\Users\mabennett\scoop\apps\miktex\current\texmfs\install\tex/latex/pgfplots\pgfplots.sty (C:\Users\mabennett\scoop\apps\miktex\current\texmfs\install\tex/generic/pgfplots\pgfplots.revision.tex)
Package: pgfplots 2021/05/15 v1.18.1 Data Visualization (1.18.1)
 (C:\Users\mabennett\scoop\apps\miktex\current\texmfs\install\tex/latex/pgf/frontendlayer\tikz.sty (C:\Users\mabennett\scoop\apps\miktex\current\texmfs\install\tex/latex/pgf/basiclayer\pgf.sty (C:\Users\mabennett\scoop\apps\miktex\current\texmfs\install\tex/latex/pgf/utilities\pgfrcs.sty (C:\Users\mabennett\scoop\apps\miktex\current\texmfs\install\tex/generic/pgf/utilities\pgfutil-common.tex
\pgfutil@everybye=\toks37
\pgfutil@tempdima=\dimen263
\pgfutil@tempdimb=\dimen264
) (C:\Users\mabennett\scoop\apps\miktex\current\texmfs\install\tex/generic/pgf/utilities\pgfutil-latex.def
\pgfutil@abb=\box107
) (C:\Users\mabennett\scoop\apps\miktex\current\texmfs\install\tex/generic/pgf/utilities\pgfrcs.code.tex (C:\Users\mabennett\scoop\apps\miktex\current\texmfs\install\tex/generic/pgf\pgf.revision.tex)
Package: pgfrcs 2025-08-29 v3.1.11a (3.1.11a)
))
Package: pgf 2025-08-29 v3.1.11a (3.1.11a)
 (C:\Users\mabennett\scoop\apps\miktex\current\texmfs\install\tex/latex/pgf/basiclayer\pgfcore.sty (C:\Users\mabennett\scoop\apps\miktex\current\texmfs\install\tex/latex/pgf/systemlayer\pgfsys.sty (C:\Users\mabennett\scoop\apps\miktex\current\texmfs\install\tex/generic/pgf/systemlayer\pgfsys.code.tex
Package: pgfsys 2025-08-29 v3.1.11a (3.1.11a)
 (C:\Users\mabennett\scoop\apps\miktex\current\texmfs\install\tex/generic/pgf/utilities\pgfkeys.code.tex
\pgfkeys@pathtoks=\toks38
\pgfkeys@temptoks=\toks39
 (C:\Users\mabennett\scoop\apps\miktex\current\texmfs\install\tex/generic/pgf/utilities\pgfkeyslibraryfiltered.code.tex
\pgfkeys@tmptoks=\toks40
))
\pgf@x=\dimen265
\pgf@y=\dimen266
\pgf@xa=\dimen267
\pgf@ya=\dimen268
\pgf@xb=\dimen269
\pgf@yb=\dimen270
\pgf@xc=\dimen271
\pgf@yc=\dimen272
\pgf@xd=\dimen273
\pgf@yd=\dimen274
\w@pgf@writea=\write3
\r@pgf@reada=\read2
\c@pgf@counta=\count359
\c@pgf@countb=\count360
\c@pgf@countc=\count361
\c@pgf@countd=\count362
\t@pgf@toka=\toks41
\t@pgf@tokb=\toks42
\t@pgf@tokc=\toks43
\pgf@sys@id@count=\count363
 (C:\Users\mabennett\scoop\apps\miktex\current\texmfs\install\tex/generic/pgf/systemlayer\pgf.cfg
File: pgf.cfg 2025-08-29 v3.1.11a (3.1.11a)
)
Driver file for pgf: pgfsys-pdftex.def
 (C:\Users\mabennett\scoop\apps\miktex\current\texmfs\install\tex/generic/pgf/systemlayer\pgfsys-pdftex.def
File: pgfsys-pdftex.def 2025-08-29 v3.1.11a (3.1.11a)
 (C:\Users\mabennett\scoop\apps\miktex\current\texmfs\install\tex/generic/pgf/systemlayer\pgfsys-common-pdf.def
File: pgfsys-common-pdf.def 2025-08-29 v3.1.11a (3.1.11a)
))) (C:\Users\mabennett\scoop\apps\miktex\current\texmfs\install\tex/generic/pgf/systemlayer\pgfsyssoftpath.code.tex
File: pgfsyssoftpath.code.tex 2025-08-29 v3.1.11a (3.1.11a)
\pgfsyssoftpath@smallbuffer@items=\count364
\pgfsyssoftpath@bigbuffer@items=\count365
) (C:\Users\mabennett\scoop\apps\miktex\current\texmfs\install\tex/generic/pgf/systemlayer\pgfsysprotocol.code.tex
File: pgfsysprotocol.code.tex 2025-08-29 v3.1.11a (3.1.11a)
)) (C:\Users\mabennett\scoop\apps\miktex\current\texmfs\install\tex/generic/pgf/basiclayer\pgfcore.code.tex
Package: pgfcore 2025-08-29 v3.1.11a (3.1.11a)
 (C:\Users\mabennett\scoop\apps\miktex\current\texmfs\install\tex/generic/pgf/math\pgfmath.code.tex (C:\Users\mabennett\scoop\apps\miktex\current\texmfs\install\tex/generic/pgf/math\pgfmathutil.code.tex) (C:\Users\mabennett\scoop\apps\miktex\current\texmfs\install\tex/generic/pgf/math\pgfmathparser.code.tex
\pgfmath@dimen=\dimen275
\pgfmath@count=\count366
\pgfmath@box=\box108
\pgfmath@toks=\toks44
\pgfmath@stack@operand=\toks45
\pgfmath@stack@operation=\toks46
) (C:\Users\mabennett\scoop\apps\miktex\current\texmfs\install\tex/generic/pgf/math\pgfmathfunctions.code.tex) (C:\Users\mabennett\scoop\apps\miktex\current\texmfs\install\tex/generic/pgf/math\pgfmathfunctions.basic.code.tex) (C:\Users\mabennett\scoop\apps\miktex\current\texmfs\install\tex/generic/pgf/math\pgfmathfunctions.trigonometric.code.tex) (C:\Users\mabennett\scoop\apps\miktex\current\texmfs\install\tex/generic/pgf/math\pgfmathfunctions.random.code.tex) (C:\Users\mabennett\scoop\apps\miktex\current\texmfs\install\tex/generic/pgf/math\pgfmathfunctions.comparison.code.tex) (C:\Users\mabennett\scoop\apps\miktex\current\texmfs\install\tex/generic/pgf/math\pgfmathfunctions.base.code.tex) (C:\Users\mabennett\scoop\apps\miktex\current\texmfs\install\tex/generic/pgf/math\pgfmathfunctions.round.code.tex) (C:\Users\mabennett\scoop\apps\miktex\current\texmfs\install\tex/generic/pgf/math\pgfmathfunctions.misc.code.tex) (C:\Users\mabennett\scoop\apps\miktex\current\texmfs\install\tex/generic/pgf/math\pgfmathfunctions.integerarithmetics.code.tex) (C:\Users\mabennett\scoop\apps\miktex\current\texmfs\install\tex/generic/pgf/math\pgfmathcalc.code.tex) (C:\Users\mabennett\scoop\apps\miktex\current\texmfs\install\tex/generic/pgf/math\pgfmathfloat.code.tex
\c@pgfmathroundto@lastzeros=\count367
)) (C:\Users\mabennett\scoop\apps\miktex\current\texmfs\install\tex/generic/pgf/math\pgfint.code.tex) (C:\Users\mabennett\scoop\apps\miktex\current\texmfs\install\tex/generic/pgf/basiclayer\pgfcorepoints.code.tex
File: pgfcorepoints.code.tex 2025-08-29 v3.1.11a (3.1.11a)
\pgf@picminx=\dimen276
\pgf@picmaxx=\dimen277
\pgf@picminy=\dimen278
\pgf@picmaxy=\dimen279
\pgf@pathminx=\dimen280
\pgf@pathmaxx=\dimen281
\pgf@pathminy=\dimen282
\pgf@pathmaxy=\dimen283
\pgf@xx=\dimen284
\pgf@xy=\dimen285
\pgf@yx=\dimen286
\pgf@yy=\dimen287
\pgf@zx=\dimen288
\pgf@zy=\dimen289
) (C:\Users\mabennett\scoop\apps\miktex\current\texmfs\install\tex/generic/pgf/basiclayer\pgfcorepathconstruct.code.tex
File: pgfcorepathconstruct.code.tex 2025-08-29 v3.1.11a (3.1.11a)
\pgf@path@lastx=\dimen290
\pgf@path@lasty=\dimen291
) (C:\Users\mabennett\scoop\apps\miktex\current\texmfs\install\tex/generic/pgf/basiclayer\pgfcorepathusage.code.tex
File: pgfcorepathusage.code.tex 2025-08-29 v3.1.11a (3.1.11a)
\pgf@shorten@end@additional=\dimen292
\pgf@shorten@start@additional=\dimen293
) (C:\Users\mabennett\scoop\apps\miktex\current\texmfs\install\tex/generic/pgf/basiclayer\pgfcorescopes.code.tex
File: pgfcorescopes.code.tex 2025-08-29 v3.1.11a (3.1.11a)
\pgfpic=\box109
\pgf@hbox=\box110
\pgf@layerbox@main=\box111
\pgf@picture@serial@count=\count368
) (C:\Users\mabennett\scoop\apps\miktex\current\texmfs\install\tex/generic/pgf/basiclayer\pgfcoregraphicstate.code.tex
File: pgfcoregraphicstate.code.tex 2025-08-29 v3.1.11a (3.1.11a)
\pgflinewidth=\dimen294
) (C:\Users\mabennett\scoop\apps\miktex\current\texmfs\install\tex/generic/pgf/basiclayer\pgfcoretransformations.code.tex
File: pgfcoretransformations.code.tex 2025-08-29 v3.1.11a (3.1.11a)
\pgf@pt@x=\dimen295
\pgf@pt@y=\dimen296
\pgf@pt@temp=\dimen297
) (C:\Users\mabennett\scoop\apps\miktex\current\texmfs\install\tex/generic/pgf/basiclayer\pgfcorequick.code.tex
File: pgfcorequick.code.tex 2025-08-29 v3.1.11a (3.1.11a)
) (C:\Users\mabennett\scoop\apps\miktex\current\texmfs\install\tex/generic/pgf/basiclayer\pgfcoreobjects.code.tex
File: pgfcoreobjects.code.tex 2025-08-29 v3.1.11a (3.1.11a)
) (C:\Users\mabennett\scoop\apps\miktex\current\texmfs\install\tex/generic/pgf/basiclayer\pgfcorepathprocessing.code.tex
File: pgfcorepathprocessing.code.tex 2025-08-29 v3.1.11a (3.1.11a)
)
(C:\Users\mabennett\scoop\apps\miktex\current\texmfs\install\tex/generic/pgf/basiclayer\pgfcorearrows.code.tex
File: pgfcorearrows.code.tex 2025-08-29 v3.1.11a (3.1.11a)
\pgfarrowsep=\dimen298
) (C:\Users\mabennett\scoop\apps\miktex\current\texmfs\install\tex/generic/pgf/basiclayer\pgfcoreshade.code.tex
File: pgfcoreshade.code.tex 2025-08-29 v3.1.11a (3.1.11a)
\pgf@max=\dimen299
\pgf@sys@shading@range@num=\count369
\pgf@shadingcount=\count370
) (C:\Users\mabennett\scoop\apps\miktex\current\texmfs\install\tex/generic/pgf/basiclayer\pgfcoreimage.code.tex
File: pgfcoreimage.code.tex 2025-08-29 v3.1.11a (3.1.11a)
) (C:\Users\mabennett\scoop\apps\miktex\current\texmfs\install\tex/generic/pgf/basiclayer\pgfcoreexternal.code.tex
File: pgfcoreexternal.code.tex 2025-08-29 v3.1.11a (3.1.11a)
\pgfexternal@startupbox=\box112
) (C:\Users\mabennett\scoop\apps\miktex\current\texmfs\install\tex/generic/pgf/basiclayer\pgfcorelayers.code.tex
File: pgfcorelayers.code.tex 2025-08-29 v3.1.11a (3.1.11a)
) (C:\Users\mabennett\scoop\apps\miktex\current\texmfs\install\tex/generic/pgf/basiclayer\pgfcoretransparency.code.tex
File: pgfcoretransparency.code.tex 2025-08-29 v3.1.11a (3.1.11a)
) (C:\Users\mabennett\scoop\apps\miktex\current\texmfs\install\tex/generic/pgf/basiclayer\pgfcorepatterns.code.tex
File: pgfcorepatterns.code.tex 2025-08-29 v3.1.11a (3.1.11a)
) (C:\Users\mabennett\scoop\apps\miktex\current\texmfs\install\tex/generic/pgf/basiclayer\pgfcorerdf.code.tex
File: pgfcorerdf.code.tex 2025-08-29 v3.1.11a (3.1.11a)
))) (C:\Users\mabennett\scoop\apps\miktex\current\texmfs\install\tex/generic/pgf/modules\pgfmoduleshapes.code.tex
File: pgfmoduleshapes.code.tex 2025-08-29 v3.1.11a (3.1.11a)
\pgfnodeparttextbox=\box113
) (C:\Users\mabennett\scoop\apps\miktex\current\texmfs\install\tex/generic/pgf/modules\pgfmoduleplot.code.tex
File: pgfmoduleplot.code.tex 2025-08-29 v3.1.11a (3.1.11a)
) (C:\Users\mabennett\scoop\apps\miktex\current\texmfs\install\tex/latex/pgf/compatibility\pgfcomp-version-0-65.sty
Package: pgfcomp-version-0-65 2025-08-29 v3.1.11a (3.1.11a)
\pgf@nodesepstart=\dimen300
\pgf@nodesepend=\dimen301
) (C:\Users\mabennett\scoop\apps\miktex\current\texmfs\install\tex/latex/pgf/compatibility\pgfcomp-version-1-18.sty
Package: pgfcomp-version-1-18 2025-08-29 v3.1.11a (3.1.11a)
)) (C:\Users\mabennett\scoop\apps\miktex\current\texmfs\install\tex/latex/pgf/utilities\pgffor.sty (C:\Users\mabennett\scoop\apps\miktex\current\texmfs\install\tex/latex/pgf/utilities\pgfkeys.sty (C:\Users\mabennett\scoop\apps\miktex\current\texmfs\install\tex/generic/pgf/utilities\pgfkeys.code.tex)) (C:\Users\mabennett\scoop\apps\miktex\current\texmfs\install\tex/latex/pgf/math\pgfmath.sty (C:\Users\mabennett\scoop\apps\miktex\current\texmfs\install\tex/generic/pgf/math\pgfmath.code.tex)) (C:\Users\mabennett\scoop\apps\miktex\current\texmfs\install\tex/generic/pgf/utilities\pgffor.code.tex
Package: pgffor 2025-08-29 v3.1.11a (3.1.11a)
\pgffor@iter=\dimen302
\pgffor@skip=\dimen303
\pgffor@stack=\toks47
\pgffor@toks=\toks48
)) (C:\Users\mabennett\scoop\apps\miktex\current\texmfs\install\tex/generic/pgf/frontendlayer/tikz\tikz.code.tex
Package: tikz 2025-08-29 v3.1.11a (3.1.11a)
 (C:\Users\mabennett\scoop\apps\miktex\current\texmfs\install\tex/generic/pgf/libraries\pgflibraryplothandlers.code.tex
File: pgflibraryplothandlers.code.tex 2025-08-29 v3.1.11a (3.1.11a)
\pgf@plot@mark@count=\count371
\pgfplotmarksize=\dimen304
)
\tikz@lastx=\dimen305
\tikz@lasty=\dimen306
\tikz@lastxsaved=\dimen307
\tikz@lastysaved=\dimen308
\tikz@lastmovetox=\dimen309
\tikz@lastmovetoy=\dimen310
\tikzleveldistance=\dimen311
\tikzsiblingdistance=\dimen312
\tikz@figbox=\box114
\tikz@figbox@bg=\box115
\tikz@tempbox=\box116
\tikz@tempbox@bg=\box117
\tikztreelevel=\count372
\tikznumberofchildren=\count373
\tikznumberofcurrentchild=\count374
\tikz@fig@count=\count375
 (C:\Users\mabennett\scoop\apps\miktex\current\texmfs\install\tex/generic/pgf/modules\pgfmodulematrix.code.tex
File: pgfmodulematrix.code.tex 2025-08-29 v3.1.11a (3.1.11a)
\pgfmatrixcurrentrow=\count376
\pgfmatrixcurrentcolumn=\count377
\pgf@matrix@numberofcolumns=\count378
)
\tikz@expandcount=\count379
 (C:\Users\mabennett\scoop\apps\miktex\current\texmfs\install\tex/generic/pgf/frontendlayer/tikz/libraries\tikzlibrarytopaths.code.tex
File: tikzlibrarytopaths.code.tex 2025-08-29 v3.1.11a (3.1.11a)
))) (C:\Users\mabennett\scoop\apps\miktex\current\texmfs\install\tex/generic/pgfplots\pgfplots.code.tex (C:\Users\mabennett\scoop\apps\miktex\current\texmfs\install\tex/generic/pgfplots\pgfplotscore.code.tex
\t@pgfplots@toka=\toks49
\t@pgfplots@tokb=\toks50
\t@pgfplots@tokc=\toks51
\pgfplots@tmpa=\dimen313
\c@pgfplots@coordindex=\count380
\c@pgfplots@scanlineindex=\count381
 (C:\Users\mabennett\scoop\apps\miktex\current\texmfs\install\tex/generic/pgfplots/sys\pgfplotssysgeneric.code.tex)) (C:\Users\mabennett\scoop\apps\miktex\current\texmfs\install\tex/generic/pgfplots/libs\pgfplotslibrary.code.tex) (C:\Users\mabennett\scoop\apps\miktex\current\texmfs\install\tex/generic/pgfplots/oldpgfcompatib\pgfplotsoldpgfsupp_loader.code.tex (C:\Users\mabennett\scoop\apps\miktex\current\texmfs\install\tex/generic/pgf/libraries\pgflibraryfpu.code.tex)
Package pgfplots: loading complementary utilities for your pgf version...
\t@pgf@toka=\toks52
\t@pgf@tokb=\toks53
\t@pgf@tokc=\toks54
(C:\Users\mabennett\scoop\apps\miktex\current\texmfs\install\tex/generic/pgfplots/oldpgfcompatib\pgfplotsoldpgfsupp_pgfutil-common-lists.tex)) (C:\Users\mabennett\scoop\apps\miktex\current\texmfs\install\tex/generic/pgfplots/util\pgfplotsutil.code.tex (C:\Users\mabennett\scoop\apps\miktex\current\texmfs\install\tex/generic/pgfplots/liststructure\pgfplotsliststructure.code.tex) (C:\Users\mabennett\scoop\apps\miktex\current\texmfs\install\tex/generic/pgfplots/liststructure\pgfplotsliststructureext.code.tex) (C:\Users\mabennett\scoop\apps\miktex\current\texmfs\install\tex/generic/pgfplots/liststructure\pgfplotsarray.code.tex
\c@pgfplotsarray@tmp=\count382
) (C:\Users\mabennett\scoop\apps\miktex\current\texmfs\install\tex/generic/pgfplots/liststructure\pgfplotsmatrix.code.tex) (C:\Users\mabennett\scoop\apps\miktex\current\texmfs\install\tex/generic/pgfplots/numtable\pgfplotstableshared.code.tex
\c@pgfplotstable@counta=\count383
\t@pgfplotstable@a=\toks55
) (C:\Users\mabennett\scoop\apps\miktex\current\texmfs\install\tex/generic/pgfplots/liststructure\pgfplotsdeque.code.tex) (C:\Users\mabennett\scoop\apps\miktex\current\texmfs\install\tex/generic/pgfplots/util\pgfplotsbinary.code.tex (C:\Users\mabennett\scoop\apps\miktex\current\texmfs\install\tex/generic/pgfplots/util\pgfplotsbinary.data.code.tex)) (C:\Users\mabennett\scoop\apps\miktex\current\texmfs\install\tex/generic/pgfplots/util\pgfplotsutil.verb.code.tex) (C:\Users\mabennett\scoop\apps\miktex\current\texmfs\install\tex/generic/pgfplots/libs\pgflibrarypgfplots.surfshading.code.tex
\c@pgfplotslibrarysurf@no=\count384
 (C:\Users\mabennett\scoop\apps\miktex\current\texmfs\install\tex/generic/pgfplots/sys\pgflibrarypgfplots.surfshading.pgfsys-pdftex.def))) (C:\Users\mabennett\scoop\apps\miktex\current\texmfs\install\tex/generic/pgfplots/util\pgfplotscolormap.code.tex (C:\Users\mabennett\scoop\apps\miktex\current\texmfs\install\tex/generic/pgfplots/util\pgfplotscolor.code.tex)) (C:\Users\mabennett\scoop\apps\miktex\current\texmfs\install\tex/generic/pgfplots\pgfplotsstackedplots.code.tex) (C:\Users\mabennett\scoop\apps\miktex\current\texmfs\install\tex/generic/pgfplots\pgfplotsplothandlers.code.tex (C:\Users\mabennett\scoop\apps\miktex\current\texmfs\install\tex/generic/pgfplots\pgfplotsmeshplothandler.code.tex (C:\Users\mabennett\scoop\apps\miktex\current\texmfs\install\tex/generic/pgfplots\pgfplotsmeshplotimage.code.tex))) (C:\Users\mabennett\scoop\apps\miktex\current\texmfs\install\tex/generic/pgfplots\pgfplots.scaling.code.tex) (C:\Users\mabennett\scoop\apps\miktex\current\texmfs\install\tex/generic/pgfplots\pgfplotscoordprocessing.code.tex) (C:\Users\mabennett\scoop\apps\miktex\current\texmfs\install\tex/generic/pgfplots\pgfplots.errorbars.code.tex) (C:\Users\mabennett\scoop\apps\miktex\current\texmfs\install\tex/generic/pgfplots\pgfplots.markers.code.tex) (C:\Users\mabennett\scoop\apps\miktex\current\texmfs\install\tex/generic/pgfplots\pgfplotsticks.code.tex) (C:\Users\mabennett\scoop\apps\miktex\current\texmfs\install\tex/generic/pgfplots\pgfplots.paths.code.tex) (C:\Users\mabennett\scoop\apps\miktex\current\texmfs\install\tex/generic/pgf/frontendlayer/tikz/libraries\tikzlibrarydecorations.code.tex (C:\Users\mabennett\scoop\apps\miktex\current\texmfs\install\tex/generic/pgf/modules\pgfmoduledecorations.code.tex
\pgfdecoratedcompleteddistance=\dimen314
\pgfdecoratedremainingdistance=\dimen315
\pgfdecoratedinputsegmentcompleteddistance=\dimen316
\pgfdecoratedinputsegmentremainingdistance=\dimen317
\pgf@decorate@distancetomove=\dimen318
\pgf@decorate@repeatstate=\count385
\pgfdecorationsegmentamplitude=\dimen319
\pgfdecorationsegmentlength=\dimen320
)
\tikz@lib@dec@box=\box118
) (C:\Users\mabennett\scoop\apps\miktex\current\texmfs\install\tex/generic/pgf/frontendlayer/tikz/libraries\tikzlibrarydecorations.pathmorphing.code.tex (C:\Users\mabennett\scoop\apps\miktex\current\texmfs\install\tex/generic/pgf/libraries/decorations\pgflibrarydecorations.pathmorphing.code.tex)) (C:\Users\mabennett\scoop\apps\miktex\current\texmfs\install\tex/generic/pgf/frontendlayer/tikz/libraries\tikzlibrarydecorations.pathreplacing.code.tex (C:\Users\mabennett\scoop\apps\miktex\current\texmfs\install\tex/generic/pgf/libraries/decorations\pgflibrarydecorations.pathreplacing.code.tex)) (C:\Users\mabennett\scoop\apps\miktex\current\texmfs\install\tex/generic/pgfplots/libs\tikzlibrarypgfplots.contourlua.code.tex)
\pgfplots@numplots=\count386
\pgfplots@xmin@reg=\dimen321
\pgfplots@xmax@reg=\dimen322
\pgfplots@ymin@reg=\dimen323
\pgfplots@ymax@reg=\dimen324
\pgfplots@zmin@reg=\dimen325
\pgfplots@zmax@reg=\dimen326
) (C:\Users\mabennett\scoop\apps\miktex\current\texmfs\install\tex/generic/pgf/frontendlayer/tikz/libraries\tikzlibraryplotmarks.code.tex
File: tikzlibraryplotmarks.code.tex 2025-08-29 v3.1.11a (3.1.11a)
 (C:\Users\mabennett\scoop\apps\miktex\current\texmfs\install\tex/generic/pgf/libraries\pgflibraryplotmarks.code.tex
File: pgflibraryplotmarks.code.tex 2025-08-29 v3.1.11a (3.1.11a)
))) (C:\Users\mabennett\scoop\apps\miktex\current\texmfs\install\tex/generic/pgfplots/libs\tikzlibrarypgfplots.fillbetween.code.tex (C:\Users\mabennett\scoop\apps\miktex\current\texmfs\install\tex/generic/pgfplots/pgfcontrib\tikzlibraryfillbetween.code.tex (C:\Users\mabennett\scoop\apps\miktex\current\texmfs\install\tex/generic/pgf/frontendlayer/tikz/libraries\tikzlibraryintersections.code.tex (C:\Users\mabennett\scoop\apps\miktex\current\texmfs\install\tex/generic/pgf/libraries\pgflibraryintersections.code.tex
\pgf@intersect@solutions=\count387
)) (C:\Users\mabennett\scoop\apps\miktex\current\texmfs\install\tex/generic/pgfplots/pgfcontrib\tikzlibrarydecorations.softclip.code.tex (C:\Users\mabennett\scoop\apps\miktex\current\texmfs\install\tex/generic/pgfplots/pgfcontrib\pgflibraryfillbetween.code.tex))) (C:\Users\mabennett\scoop\apps\miktex\current\texmfs\install\tex/generic/pgfplots/libs\tikzlibrarypgfplots.decorations.softclip.code.tex)) (C:\Users\mabennett\scoop\apps\miktex\current\texmfs\install\tex/generic/pgf/frontendlayer/tikz/libraries\tikzlibraryspy.code.tex
File: tikzlibraryspy.code.tex 2025-08-29 v3.1.11a (3.1.11a)
\tikz@lib@spybox=\box119
) (C:\Users\mabennett\scoop\apps\miktex\current\texmfs\install\tex/generic/pgf/frontendlayer/tikz/libraries\tikzlibrarycalc.code.tex
File: tikzlibrarycalc.code.tex 2025-08-29 v3.1.11a (3.1.11a)
) (C:\Users\mabennett\scoop\apps\miktex\current\texmfs\install\tex/generic/pgf/libraries\pgflibraryarrows.meta.code.tex
File: pgflibraryarrows.meta.code.tex 2025-08-29 v3.1.11a (3.1.11a)
\pgfarrowinset=\dimen327
\pgfarrowlength=\dimen328
\pgfarrowwidth=\dimen329
\pgfarrowlinewidth=\dimen330
) (C:\Users\mabennett\scoop\apps\miktex\current\texmfs\install\tex/generic/pgf/frontendlayer/tikz/libraries\tikzlibraryshapes.code.tex
File: tikzlibraryshapes.code.tex 2025-08-29 v3.1.11a (3.1.11a)
 (C:\Users\mabennett\scoop\apps\miktex\current\texmfs\install\tex/generic/pgf/frontendlayer/tikz/libraries\tikzlibraryshapes.geometric.code.tex
File: tikzlibraryshapes.geometric.code.tex 2025-08-29 v3.1.11a (3.1.11a)
 (C:\Users\mabennett\scoop\apps\miktex\current\texmfs\install\tex/generic/pgf/libraries/shapes\pgflibraryshapes.geometric.code.tex
File: pgflibraryshapes.geometric.code.tex 2025-08-29 v3.1.11a (3.1.11a)
)) (C:\Users\mabennett\scoop\apps\miktex\current\texmfs\install\tex/generic/pgf/frontendlayer/tikz/libraries\tikzlibraryshapes.misc.code.tex
File: tikzlibraryshapes.misc.code.tex 2025-08-29 v3.1.11a (3.1.11a)
 (C:\Users\mabennett\scoop\apps\miktex\current\texmfs\install\tex/generic/pgf/libraries/shapes\pgflibraryshapes.misc.code.tex
File: pgflibraryshapes.misc.code.tex 2025-08-29 v3.1.11a (3.1.11a)
)) (C:\Users\mabennett\scoop\apps\miktex\current\texmfs\install\tex/generic/pgf/frontendlayer/tikz/libraries\tikzlibraryshapes.symbols.code.tex
File: tikzlibraryshapes.symbols.code.tex 2025-08-29 v3.1.11a (3.1.11a)
 (C:\Users\mabennett\scoop\apps\miktex\current\texmfs\install\tex/generic/pgf/libraries/shapes\pgflibraryshapes.symbols.code.tex
File: pgflibraryshapes.symbols.code.tex 2025-08-29 v3.1.11a (3.1.11a)
)) (C:\Users\mabennett\scoop\apps\miktex\current\texmfs\install\tex/generic/pgf/frontendlayer/tikz/libraries\tikzlibraryshapes.arrows.code.tex
File: tikzlibraryshapes.arrows.code.tex 2025-08-29 v3.1.11a (3.1.11a)
 (C:\Users\mabennett\scoop\apps\miktex\current\texmfs\install\tex/generic/pgf/libraries/shapes\pgflibraryshapes.arrows.code.tex
File: pgflibraryshapes.arrows.code.tex 2025-08-29 v3.1.11a (3.1.11a)
)) (C:\Users\mabennett\scoop\apps\miktex\current\texmfs\install\tex/generic/pgf/frontendlayer/tikz/libraries\tikzlibraryshapes.callouts.code.tex (C:\Users\mabennett\scoop\apps\miktex\current\texmfs\install\tex/generic/pgf/libraries/shapes\pgflibraryshapes.callouts.code.tex)) (C:\Users\mabennett\scoop\apps\miktex\current\texmfs\install\tex/generic/pgf/frontendlayer/tikz/libraries\tikzlibraryshapes.multipart.code.tex
File: tikzlibraryshapes.multipart.code.tex 2025-08-29 v3.1.11a (3.1.11a)
 (C:\Users\mabennett\scoop\apps\miktex\current\texmfs\install\tex/generic/pgf/libraries/shapes\pgflibraryshapes.multipart.code.tex
File: pgflibraryshapes.multipart.code.tex 2025-08-29 v3.1.11a (3.1.11a)
\pgfnodepartlowerbox=\box120
\pgfnodeparttwobox=\box121
\pgfnodepartthreebox=\box122
\pgfnodepartfourbox=\box123
\pgfnodeparttwentybox=\box124
\pgfnodepartnineteenbox=\box125
\pgfnodeparteighteenbox=\box126
\pgfnodepartseventeenbox=\box127
\pgfnodepartsixteenbox=\box128
\pgfnodepartfifteenbox=\box129
\pgfnodepartfourteenbox=\box130
\pgfnodepartthirteenbox=\box131
\pgfnodeparttwelvebox=\box132
\pgfnodepartelevenbox=\box133
\pgfnodeparttenbox=\box134
\pgfnodepartninebox=\box135
\pgfnodeparteightbox=\box136
\pgfnodepartsevenbox=\box137
\pgfnodepartsixbox=\box138
\pgfnodepartfivebox=\box139
))) (C:\Users\mabennett\scoop\apps\miktex\current\texmfs\install\tex/generic/pgf/frontendlayer/tikz/libraries\tikzlibrarypositioning.code.tex
File: tikzlibrarypositioning.code.tex 2025-08-29 v3.1.11a (3.1.11a)
) (C:\Users\mabennett\scoop\apps\miktex\current\texmfs\install\tex/generic/pgf/frontendlayer/tikz/libraries\tikzlibraryquotes.code.tex
File: tikzlibraryquotes.code.tex 2025-08-29 v3.1.11a (3.1.11a)
) (C:\Users\mabennett\scoop\apps\miktex\current\texmfs\install\tex/generic/pgf/frontendlayer/tikz/libraries\tikzlibraryarrows.code.tex
File: tikzlibraryarrows.code.tex 2025-08-29 v3.1.11a (3.1.11a)
 (C:\Users\mabennett\scoop\apps\miktex\current\texmfs\install\tex/generic/pgf/libraries\pgflibraryarrows.code.tex
File: pgflibraryarrows.code.tex 2025-08-29 v3.1.11a (3.1.11a)
\arrowsize=\dimen331
)) (C:\Users\mabennett\scoop\apps\miktex\current\texmfs\install\tex/latex/tools\array.sty
Package: array 2025/09/25 v2.6n Tabular extension package (FMi)
\col@sep=\dimen332
\ar@mcellbox=\box140
\extrarowheight=\dimen333
\NC@list=\toks56
\extratabsurround=\skip72
\backup@length=\skip73
\ar@cellbox=\box141
) (C:\Users\mabennett\scoop\apps\miktex\current\texmfs\install\tex/latex/tcolorbox\tcolorbox.sty
Package: tcolorbox 2025/11/28 version 6.9.0 text color boxes
 (C:\Users\mabennett\scoop\apps\miktex\current\texmfs\install\tex/latex/tools\verbatim.sty
Package: verbatim 2024-01-22 v1.5x LaTeX2e package for verbatim enhancements
\every@verbatim=\toks57
\verbatim@line=\toks58
\verbatim@in@stream=\read3
) (C:\Users\mabennett\scoop\apps\miktex\current\texmfs\install\tex/latex/environ\environ.sty
Package: environ 2014/05/04 v0.3 A new way to define environments
 (C:\Users\mabennett\scoop\apps\miktex\current\texmfs\install\tex/latex/trimspaces\trimspaces.sty
Package: trimspaces 2009/09/17 v1.1 Trim spaces around a token list
))
\tcb@titlebox=\box142
\tcb@upperbox=\box143
\tcb@lowerbox=\box144
\tcb@phantombox=\box145
\c@tcbbreakpart=\count388
\c@tcblayer=\count389
\c@tcolorbox@number=\count390
\l__tcobox_tmpa_box=\box146
\l__tcobox_tmpa_dim=\dimen334
\tcb@temp=\box147
\tcb@temp=\box148
\tcb@temp=\box149
\tcb@temp=\box150
) (C:\Users\mabennett\scoop\apps\miktex\current\texmfs\install\tex/latex/tcolorbox\tcbtheorems.code.tex
Library (tcolorbox): 'tcbtheorems.code.tex' version '6.9.0'
)
\c@tcb@cnt@defn=\count391
\c@tcb@cnt@thm=\count392
 (C:\Users\mabennett\scoop\apps\miktex\current\texmfs\install\tex/latex/exercise\exercise.sty
Package: exercise 2014/10/20 v1.6 Exercise package (P.Pichaureau)
 (C:\Users\mabennett\scoop\apps\miktex\current\texmfs\install\tex/latex/base\ifthen.sty
Package: ifthen 2024/03/16 v1.1e Standard LaTeX ifthen package (DPC)
)
\ExerciseSkipBefore=\skip74
\ExerciseSkipAfter=\skip75
\AnswerSkipBefore=\skip76
\AnswerSkipAfter=\skip77
\Exesep=\skip78
\Exetopsep=\skip79
\Exeparsep=\skip80
\Exepartopsep=\skip81
\Exeleftmargin=\skip82
\Exerightmargin=\skip83
\Exelabelwidth=\skip84
\Exelabelsep=\skip85
\ExerciseBefore=\skip86
\QuestionBefore=\skip87
\subQuestionBefore=\skip88
\subsubQuestionBefore=\skip89
\QuestionIndent=\skip90
\subQuestionIndent=\skip91
\subsubQuestionIndent=\skip92
\c@Exercise=\count393
\c@Answer=\count394
\c@ExePart=\count395
\c@Question=\count396
\c@subQuestion=\count397
\c@subsubQuestion=\count398
\c@savedQuestion=\count399
\c@savedsubQuestion=\count400
\c@savedsubsubQuestion=\count401
\@QuestionLevel=\count402
\@Exercisebox=\box151
\all@Exercisebox=\box152
\temp@Exercisebox=\box153
\all@Answerbox=\box154
\temp@Answerbox=\box155
\ExerciseDifficulty=\count403
\QuestionDifficulty=\count404
\subQuestionDifficulty=\count405
\subsubQuestionDifficulty=\count406
\ExePartDifficulty=\count407
\@Answerbox=\box156
\colonnesLevel=\count408
\tempskipa=\skip93
\tempskipb=\skip94
\@savedmathindent=\skip95
) (C:\Users\mabennett\scoop\apps\miktex\current\texmfs\install\tex/latex/totcount\totcount.sty
Package: totcount 2011/01/25 v1.2 package for gettingthe total value of LaTeX counters
) (C:\Users\mabennett\scoop\apps\miktex\current\texmfs\install\tex/latex/chngcntr\chngcntr.sty
Package: chngcntr 2018/04/09 v1.1a change counter resetting
Package chngcntr Info: \counterwithout already defined.
(chngcntr)             Quitting chngcntr on input line 21.
) (C:\Users\mabennett\scoop\apps\miktex\current\texmfs\install\tex/latex/titleref\titleref.sty
Package: titleref 2001/04/05 v3.1  Cross-references with titles.
)
\c@Exercise@totc=\count409
) (trig1.aux)
\openout1 = `trig1.aux'.

LaTeX Font Info:    Checking defaults for OML/cmm/m/it on input line 4.
LaTeX Font Info:    ... okay on input line 4.
LaTeX Font Info:    Checking defaults for OMS/cmsy/m/n on input line 4.
LaTeX Font Info:    ... okay on input line 4.
LaTeX Font Info:    Checking defaults for OT1/cmr/m/n on input line 4.
LaTeX Font Info:    ... okay on input line 4.
LaTeX Font Info:    Checking defaults for T1/cmr/m/n on input line 4.
LaTeX Font Info:    ... okay on input line 4.
LaTeX Font Info:    Checking defaults for TS1/cmr/m/n on input line 4.
LaTeX Font Info:    ... okay on input line 4.
LaTeX Font Info:    Checking defaults for OMX/cmex/m/n on input line 4.
LaTeX Font Info:    ... okay on input line 4.
LaTeX Font Info:    Checking defaults for U/cmr/m/n on input line 4.
LaTeX Font Info:    ... okay on input line 4.
LaTeX Font Info:    Checking defaults for PD1/pdf/m/n on input line 4.
LaTeX Font Info:    ... okay on input line 4.
LaTeX Font Info:    Checking defaults for PU/pdf/m/n on input line 4.
LaTeX Font Info:    ... okay on input line 4.

*geometry* driver: auto-detecting
*geometry* detected driver: pdftex
*geometry* verbose mode - [ preamble ] result:
* driver: pdftex
* paper: letterpaper
* layout: <same size as paper>
* layoutoffset:(h,v)=(0.0pt,0.0pt)
* modes: includehead includefoot 
* h-part:(L,W,R)=(36.135pt, 542.02501pt, 36.135pt)
* v-part:(T,H,B)=(0.0pt, 758.83499pt, 36.135pt)
* \paperwidth=614.295pt
* \paperheight=794.96999pt
* \textwidth=542.02501pt
* \textheight=721.83499pt
* \oddsidemargin=-36.135pt
* \evensidemargin=-36.135pt
* \topmargin=-72.26999pt
* \headheight=12.0pt
* \headsep=25.0pt
* \topskip=12.0pt
* \footskip=0.0pt
* \marginparwidth=44.0pt
* \marginparsep=10.0pt
* \columnsep=10.0pt
* \skip\footins=10.8pt plus 4.0pt minus 2.0pt
* \hoffset=0.0pt
* \voffset=0.0pt
* \mag=1000
* \@twocolumnfalse
* \@twosidefalse
* \@mparswitchfalse
* \@reversemarginfalse
* (1in=72.27pt=25.4mm, 1cm=28.453pt)

(C:\Users\mabennett\scoop\apps\miktex\current\texmfs\install\tex/context/base/mkii\supp-pdf.mkii
[Loading MPS to PDF converter (version 2006.09.02).]
\scratchcounter=\count410
\scratchdimen=\dimen335
\scratchbox=\box157
\nofMPsegments=\count411
\nofMParguments=\count412
\everyMPshowfont=\toks59
\MPscratchCnt=\count413
\MPscratchDim=\dimen336
\MPnumerator=\count414
\makeMPintoPDFobject=\count415
\everyMPtoPDFconversion=\toks60
) (C:\Users\mabennett\scoop\apps\miktex\current\texmfs\install\tex/latex/epstopdf-pkg\epstopdf-base.sty
Package: epstopdf-base 2020-01-24 v2.11 Base part for package epstopdf
Package epstopdf-base Info: Redefining graphics rule for `.eps' on input line 485.
 (C:\Users\mabennett\scoop\apps\miktex\current\texmfs\install\tex/latex/00miktex\epstopdf-sys.cfg
File: epstopdf-sys.cfg 2021/03/18 v2.0 Configuration of epstopdf for MiKTeX
))
Package hyperref Info: Link coloring OFF on input line 4.
 (trig1.out) (trig1.out)
\@outlinefile=\write4
\openout4 = `trig1.out'.


Package pgfplots notification 'compat/show suggested version=true': you might benefit from \pgfplotsset{compat=1.18} (current compat level: 1.15).

\c@unit=\count416
[1

{C:/Users/mabennett/scoop/apps/miktex/current/texmfs/data/fonts/map/pdftex/pdftex.map}] (2.1.angles.tex)
pdfTeX warning (ext4): destination with the same identifier (name{page.1}) has been already used, duplicate ignored
<to be read again> 
                   \relax 
l.26 \cleardoublepage
                      [1

] (trig1.aux)
 ***********
LaTeX2e <2025-11-01>
L3 programming layer <2025-12-24>
 ***********
Package rerunfilecheck Info: File `trig1.out' has not changed.
(rerunfilecheck)             Checksum: D41D8CD98F00B204E9800998ECF8427E;0.
 ) 
Here is how much of TeX's memory you used:
 40875 strings out of 467871
 974982 string characters out of 5411098
 1458984 words of memory out of 5000000
 69071 multiletter control sequences out of 15000+600000
 628633 words of font info for 43 fonts, out of 8000000 for 9000
 1141 hyphenation exceptions out of 8191
 114i,5n,122p,764b,609s stack positions out of 10000i,1000n,20000p,200000b,200000s
<C:/Users/mabennett/scoop/apps/miktex/current/texmfs/install/fonts/type1/public/amsfonts/cm/cmbx12.pfb><C:/Users/mabennett/scoop/apps/miktex/current/texmfs/install/fonts/type1/public/amsfonts/cm/cmr12.pfb>
Output written on trig1.pdf (2 pages, 25502 bytes).
PDF statistics:
 27 PDF objects out of 1000 (max. 8388607)
 2 named destinations out of 1000 (max. 500000)
 13 words of extra memory for PDF output out of 10000 (max. 10000000)

